[debug] [2026-06-01T13:29:33.296Z] ----------------------------------------------------------------------
[debug] [2026-06-01T13:29:33.298Z] Command:       C:\Program Files\nodejs\node.exe C:\Users\User\AppData\Roaming\npm\node_modules\firebase-tools\lib\bin\firebase.js init
[debug] [2026-06-01T13:29:33.299Z] CLI Version:   15.19.0
[debug] [2026-06-01T13:29:33.299Z] Platform:      win32
[debug] [2026-06-01T13:29:33.299Z] Node Version:  v24.11.1
[debug] [2026-06-01T13:29:33.299Z] Time:          Mon Jun 01 2026 22:29:33 GMT+0900 (대한민국 표준시)
[debug] [2026-06-01T13:29:33.299Z] ----------------------------------------------------------------------
[debug] 
[info] 
     ######## #### ########  ######## ########     ###     ######  ########
     ##        ##  ##     ## ##       ##     ##  ##   ##  ##       ##
     ######    ##  ########  ######   ########  #########  ######  ######
     ##        ##  ##    ##  ##       ##     ## ##     ##       ## ##
     ##       #### ##     ## ######## ########  ##     ##  ######  ########

You're about to initialize a Firebase project in this directory:

  C:\pwork

Before we get started, keep in mind:

  * You are currently outside your home directory

[info] 
=== Project Setup
[info] 
[info] First, let's associate this project directory with a Firebase project.
[info] You can create multiple project aliases by running firebase use --add, 
[info] 
